// Jest Snapshot v1, https://goo.gl/fbAQLP

exports[`renders PirateAbout without crashing 1`] = `
<div
  className="pirate-about"
>
  <a
    href="/pirate"
    onClick={[Function]}
  >
    <button>
      Back to All Pirates
    </button>
  </a>
  <h1 />
  <div
    className="column"
  >
    <figure>
      <img
        alt="pirate"
      />
      <figcaption>
        "
        " - 
      </figcaption>
    </figure>
  </div>
  <div
    className="column"
  >
    <h2>
      About: 
    </h2>
    <p>
      Position: 
    </p>
    <p>
      Treasures: 
    </p>
    <p>
      Peg Leg: 
      No
      <button
        onClick={[Function]}
      >
        Yes
      </button>
    </p>
    <p>
      Eye Patch: 
      No
      <button
        onClick={[Function]}
      >
        Yes
      </button>
    </p>
    <p>
      Hook Hand: 
      No
      <button
        onClick={[Function]}
      >
        Yes
      </button>
    </p>
  </div>
</div>
`;
